warning: unused attribute `rustc_dummy`
  --> $DIR/inert-attr-macro.rs:11:5
   |
LL |     #[rustc_dummy] foo!();
   |     ^^^^^^^^^^^^^^
   |
note: the built-in attribute `rustc_dummy` will be ignored, since it's applied to the macro invocation `foo`
  --> $DIR/inert-attr-macro.rs:11:20
   |
LL |     #[rustc_dummy] foo!();
   |                    ^^^
note: the lint level is defined here
  --> $DIR/inert-attr-macro.rs:4:9
   |
LL | #![warn(unused)]
   |         ^^^^^^
   = note: `#[warn(unused_attributes)]` implied by `#[warn(unused)]`

warning: unused attribute `allow`
  --> $DIR/inert-attr-macro.rs:15:5
   |
LL |     #[allow(warnings)] #[rustc_dummy] foo!();
   |     ^^^^^^^^^^^^^^^^^^
   |
note: the built-in attribute `allow` will be ignored, since it's applied to the macro invocation `foo`
  --> $DIR/inert-attr-macro.rs:15:39
   |
LL |     #[allow(warnings)] #[rustc_dummy] foo!();
   |                                       ^^^

warning: unused attribute `rustc_dummy`
  --> $DIR/inert-attr-macro.rs:15:24
   |
LL |     #[allow(warnings)] #[rustc_dummy] foo!();
   |                        ^^^^^^^^^^^^^^
   |
note: the built-in attribute `rustc_dummy` will be ignored, since it's applied to the macro invocation `foo`
  --> $DIR/inert-attr-macro.rs:15:39
   |
LL |     #[allow(warnings)] #[rustc_dummy] foo!();
   |                                       ^^^

warning: 3 warnings emitted

