#[prelude_import]
use std::prelude::rust_2021::*;
#[macro_use]
extern crate std;
//@ compile-flags: -Zunpretty=hir
//@ check-pass



fn foo(x:
        Option<u32>) {
    let Some(_) = x else
        {

        {
            #[cold]
            #[track_caller]
            #[inline(never)]
            const fn panic_cold_explicit()
                -> ! { ::core::panicking::panic_explicit() }
            panic_cold_explicit();
        }
    };
}
fn main() { }
