Usage: rustc [OPTIONS] INPUT

Options:
    -h, --help          Display this message
                        Provide list of expected cfgs for checking
                        Link the generated crate(s) to the specified native
                        library NAME. The optional KIND can be one of
                        Optional comma separated MODIFIERS
                        may be specified each with a prefix of either '+' to
                        enable or '-' to disable.
                        Comma separated list of types of crates
                        for the compiler to emit
                        Specify the name of the crate being built
                        Specify which edition of the compiler to use when
                        compiling code. The default is 2015 and the latest
                        stable edition is 2024.
                        Comma separated list of types of output for the
    -g                  Equivalent to -C debuginfo=2
        --test          Build a test harness
                        Set lint force-warn
                        Set the most restrictive lint level. More restrictive
                        lints are capped at this level
                        Set a codegen option
    -V, --version       Print version info and exit
    -v, --verbose       Use verbose output

Additional help:
    -C help             Print codegen options
    -W help             Print 'lint' options and default settings
    -Z help             Print unstable compiler options
    --help -v           Print the full set of options rustc accepts