error: const `impl` for trait `Try` which is not marked with `#[const_trait]`
  --> $DIR/trait-default-body-stability.rs:19:12
   |
LL | impl const Try for T {
   |            ^^^
   |
   = note: marking a trait with `#[const_trait]` ensures all default method bodies are `const`
   = note: adding a non-const method body in the future would be a breaking change

error: const `impl` for trait `FromResidual` which is not marked with `#[const_trait]`
  --> $DIR/trait-default-body-stability.rs:34:12
   |
LL | impl const FromResidual for T {
   |            ^^^^^^^^^^^^
   |
   = note: marking a trait with `#[const_trait]` ensures all default method bodies are `const`
   = note: adding a non-const method body in the future would be a breaking change

error: aborting due to 2 previous errors

