warning: unused import: `m1::*`
  --> $DIR/use-redundant.rs:17:5
   |
LL | use m1::*;
   |     ^^^^^
   |
note: the lint level is defined here
  --> $DIR/use-redundant.rs:2:9
   |
LL | #![warn(unused_imports)]
   |         ^^^^^^^^^^^^^^

warning: unused import: `m2::*`
  --> $DIR/use-redundant.rs:18:5
   |
LL | use m2::*;
   |     ^^^^^

warning: 2 warnings emitted

