error: Argument to option 'color' missing
       Usage:
           --color <auto|always|never>
                               Configure coloring of output:
                               * auto = colorize, if output goes to a tty (default);
                               * always = always colorize output;
                               * never = never colorize output

