error: variables in the condition are not mutated in the loop body
  --> $DIR/infinite_loop.rs:20:11
   |
LL |     while y < 10 {
   |           ^^^^^^
   |
   = note: this may lead to an infinite or to a never running loop
   = note: `#[deny(clippy::while_immutable_condition)]` on by default

error: variables in the condition are not mutated in the loop body
  --> $DIR/infinite_loop.rs:25:11
   |
LL |     while y < 10 && x < 3 {
   |           ^^^^^^^^^^^^^^^
   |
   = note: this may lead to an infinite or to a never running loop

error: variables in the condition are not mutated in the loop body
  --> $DIR/infinite_loop.rs:32:11
   |
LL |     while !cond {
   |           ^^^^^
   |
   = note: this may lead to an infinite or to a never running loop

error: variables in the condition are not mutated in the loop body
  --> $DIR/infinite_loop.rs:76:11
   |
LL |     while i < 3 {
   |           ^^^^^
   |
   = note: this may lead to an infinite or to a never running loop

error: variables in the condition are not mutated in the loop body
  --> $DIR/infinite_loop.rs:81:11
   |
LL |     while i < 3 && j > 0 {
   |           ^^^^^^^^^^^^^^
   |
   = note: this may lead to an infinite or to a never running loop

error: variables in the condition are not mutated in the loop body
  --> $DIR/infinite_loop.rs:85:11
   |
LL |     while i < 3 {
   |           ^^^^^
   |
   = note: this may lead to an infinite or to a never running loop

error: variables in the condition are not mutated in the loop body
  --> $DIR/infinite_loop.rs:100:11
   |
LL |     while i < 3 {
   |           ^^^^^
   |
   = note: this may lead to an infinite or to a never running loop

error: variables in the condition are not mutated in the loop body
  --> $DIR/infinite_loop.rs:105:11
   |
LL |     while i < 3 {
   |           ^^^^^
   |
   = note: this may lead to an infinite or to a never running loop

error: variables in the condition are not mutated in the loop body
  --> $DIR/infinite_loop.rs:171:15
   |
LL |         while self.count < n {
   |               ^^^^^^^^^^^^^^
   |
   = note: this may lead to an infinite or to a never running loop

error: variables in the condition are not mutated in the loop body
  --> $DIR/infinite_loop.rs:179:11
   |
LL |     while y < 10 {
   |           ^^^^^^
   |
   = note: this may lead to an infinite or to a never running loop
   = note: this loop contains `return`s or `break`s
   = help: rewrite it as `if cond { loop { } }`

error: variables in the condition are not mutated in the loop body
  --> $DIR/infinite_loop.rs:186:11
   |
LL |     while y < 10 {
   |           ^^^^^^
   |
   = note: this may lead to an infinite or to a never running loop
   = note: this loop contains `return`s or `break`s
   = help: rewrite it as `if cond { loop { } }`

error: aborting due to 11 previous errors

