
thread 'main' panicked at $DIR/short-ice-remove-middle-frames.rs:58:5:
debug!!!
stack backtrace:
   0: __rustc::rust_begin_unwind
   1: core::panicking::panic_fmt
   2: short_ice_remove_middle_frames::seven
   3: short_ice_remove_middle_frames::sixth
   4: short_ice_remove_middle_frames::fifth::{{closure}}
      [... omitted 4 frames ...]
   5: short_ice_remove_middle_frames::second
   6: short_ice_remove_middle_frames::first::{{closure}}
   7: short_ice_remove_middle_frames::first
   8: short_ice_remove_middle_frames::main
   9: core::ops::function::FnOnce::call_once
note: Some details are omitted, run with `RUST_BACKTRACE=full` for a verbose backtrace.
